// Jest Snapshot v1, https://goo.gl/fbAQLP

exports[`ProjectApproval - Spawns the ProjectApproval component 1`] = `
<div class="empty-state-page">
  <div class="empty-state-illustration">
    <project-approval-svg-stub></project-approval-svg-stub>
  </div>
  <h1 class="empty-state-title">Your project has been submitted to the administrators for validation</h1>
  <p class="empty-state-text">You will receive an email when the administrator has validated it.</p><a class="tlp-button-primary tlp-button-large empty-state-action" href="/my/"><i class="fa-solid fa-reply tlp-button-icon" aria-hidden="true"></i>Go to my home page</a>
</div>
`;
