// Jest Snapshot v1, https://goo.gl/fbAQLP

exports[`ItemPermissionError displays the error with a for to send custom email 1`] = `
<section
  class="empty-state-page document-folder-with-error"
  data-test="document-user-can-not-read-document"
>
  <div
    class="empty-state-illustration"
  >
    <item-permission-error-svg-stub />
  </div>
  <h1
    class="empty-state-title"
  >
    You don't have read permission for this item
  </h1>
  <p
    class="empty-state-text"
  >
    You may only access documents you are granted read permission on.
  </p>
  <form
    action="/plugins/document/PermissionDeniedRequestMessage/101"
    class="tlp-pane document-request-permission-pane"
    method="post"
    name="display_form"
  >
    <div
      class="tlp-pane-container"
    >
      <section
        class="tlp-pane-section"
      >
        <input
          name="challenge"
          type="hidden"
        />
        <div
          class="tlp-form-element"
        >
          <label
            class="tlp-label"
            for="msg_private_project"
          >
            Write your message below and click on the button to send your request to the project administrators 
            <i
              class="fa-solid fa-asterisk"
            />
          </label>
          <textarea
            class="tlp-textarea"
            data-test="message-request-access-private-document"
            id="msg_private_project"
            name="msg_private_project"
            placeholder="Please write something meaningful for the admin."
            required=""
            rows="5"
          />
          <input
            name="groupId"
            type="hidden"
            value="101"
          />
          <!--v-if-->
        </div>
      </section>
      <section
        class="tlp-pane-section tlp-pane-section-submit"
      >
        <button
          class="tlp-button-primary"
          data-test="private-document-access-button"
          type="button"
        >
          <i
            class="fa-regular fa-envelope tlp-button-icon"
          />
           Send mail
        </button>
      </section>
    </div>
  </form>
</section>
`;
