// Jest Snapshot v1, https://goo.gl/fbAQLP

exports[`EmptyState Displays the empty state for Program Increment 1`] = `
<section
  class="empty-state-page"
>
  <empty-svg-stub />
   
  <p
    class="empty-state-text"
    data-current-language="en_US"
    data-msgid="There are no program increments yet"
  >
    There are no program increments yet
  </p>
   
  <form
    action="/plugins/tracker/?program_increment=create&tracker=1&func=new-artifact"
    method="post"
  >
    <!---->
  </form>
</section>
`;
