// Jest Snapshot v1, https://goo.gl/fbAQLP

exports[`CardAssignees displays the avatars of the card's assignees 1`] = `
<div
  class="taskboard-card-assignees"
>
  <div
    class="tlp-avatar-small taskboard-card-assignees-avatars"
    title="Steeve"
  >
    <img
      src="steeve.png"
    />
  </div>
  <div
    class="tlp-avatar-small taskboard-card-assignees-avatars"
    title="Bob"
  >
    <img
      src="Boob.png"
    />
  </div>
</div>
`;
