// Jest Snapshot v1, https://goo.gl/fbAQLP

exports[`ParentCard displays a parent card 1`] = `
<div
  class="taskboard-card taskboard-card-parent taskboard-card-lake-placid-blue taskboard-card-show"
>
  <div
    class="taskboard-card-content"
  >
    <card-xref-label-stub
      card="[object Object]"
    />
  </div>
</div>
`;
