// Jest Snapshot v1, https://goo.gl/fbAQLP

exports[`ParentCard displays a parent card 1`] = `
<div
  class="taskboard-card taskboard-card-parent taskboard-card-show"
>
  <div
    class="taskboard-card-content"
  >
    <div
      class="taskboard-card-xref-label"
    >
      <span
        class="taskboard-card-xref"
      >
        story #43
      </span>
       
      <span
        class="taskboard-card-label"
      >
        Story 2
      </span>
    </div>
  </div>
</div>
`;
