// Jest Snapshot v1, https://goo.gl/fbAQLP

exports[`CellDate should display the update date of the item 1`] = `
<td>
  <tlp-relative-date-stub
    absolute-date="2021-10-06 00:00"
    date="2021-10-06"
    locale="en_US"
    placement="top"
    preference="relative"
  >
    
        2021-10-06 00:00
    
  </tlp-relative-date-stub>
</td>
`;
