// Jest Snapshot v1, https://goo.gl/fbAQLP

exports[`TaskBoardBody displays swimlanes for solo cards or cards with children 1`] = `
<div
  class="taskboard-body"
>
  <solo-swimlane-stub
    column="[object Object]"
    swimlane="[object Object]"
  />
  <card-with-children-stub
    swimlane="[object Object]"
  />
   
  <!---->
</div>
`;
