// Jest Snapshot v1, https://goo.gl/fbAQLP

exports[`JenkinsServer displays the badge and a basic popover 1`] = `
<div><span class="tlp-badge-secondary tlp-badge-outline git-repository-list-header-badge"><span>1 Jenkins server setup</span></span>
  <section class="tlp-popover git-repository-list-header-popover">
    <div class="tlp-popover-arrow"></div>
    <div class="tlp-popover-header">
      <h1 class="tlp-popover-title">
        Jenkins servers
      </h1>
    </div>
    <div class="tlp-popover-body">
      <p>
        Theses servers are triggered at each push in any repository of the project:
      </p>
      <ul>
        <li><a href="https://example.com"><code>https://example.com</code></a></li>
      </ul>
    </div>
  </section>
</div>
`;
