// Vitest Snapshot v1, https://vitest.dev/guide/snapshot.html

exports[`CriterionList > should render the component 1`] = `
<div
  class="tlp-form-element document-search-criterion"
>
  <label
    class="tlp-label"
    for="document-criterion-list-type"
  >
    Type
  </label>
  <select
    class="tlp-select"
    id="document-criterion-list-type"
  >
    <option
      value=""
    >
      Any
    </option>
    
    <option
      data-test="option-"
      value=""
    >
      Any
    </option>
    <option
      data-test="option-folder"
      value="folder"
    >
      Folder
    </option>
    <option
      data-test="option-wiki"
      value="wiki"
    >
      Wiki
    </option>
    
  </select>
</div>
`;
