// Vitest Snapshot v1, https://vitest.dev/guide/snapshot.html

exports[`CriterionNumber > should render the component 1`] = `
<div
  class="tlp-form-element document-search-criterion document-search-criterion-number"
>
  <label
    class="tlp-label"
    for="document-criterion-number-id"
  >
    Id
  </label>
  <input
    class="tlp-input"
    data-test="document-criterion-number-id"
    id="document-criterion-number-id"
    type="number"
    value="123"
  />
</div>
`;
