// Vitest Snapshot v1, https://vitest.dev/guide/snapshot.html

exports[`QuickLookEmbedded > Component can be rendered for embedded 1`] = `
<div
  class="document-quick-look-document-action"
>
  <router-link-stub
    class="tlp-button-primary tlp-button-small"
    to="[object Object]"
  />
  <drop-down-quick-look-stub
    item="[object Object]"
  />
</div>
`;
