// Vitest Snapshot v1, https://vitest.dev/guide/snapshot.html

exports[`QuickLookLink > renders quick look for link document 1`] = `
<div
  class="document-quick-look-document-action"
>
  <a
    class="tlp-button-primary tlp-button-small"
    href="https://example.com"
    type="button"
  >
    Open link 
    <i
      aria-hidden="true"
      class="fa-solid fa-right-long tlp-button-icon"
    />
  </a>
  <drop-down-quick-look-stub
    item="[object Object]"
  />
</div>
`;
