// Vitest Snapshot v1, https://vitest.dev/guide/snapshot.html

exports[`QuickLookEmpty > Component can be rendered for empty 1`] = `
<div
  class="document-quick-look-document-action"
>
  <new-version-empty-dropdown-stub
    item="[object Object]"
  />
  <drop-down-quick-look-stub
    item="[object Object]"
  />
</div>
`;
