// Jest Snapshot v1, https://goo.gl/fbAQLP

exports[`SearchCriteriaBreadcrumb should display a link to each ascendant folder 1`] = `
<p class="document-search-breadcrumbs"><span class="document-search-breadcrumbs-label" data-msgid="Searching in:" data-current-language="en_US">Searching in:</span>
  <!----> <a class="tlp-badge-secondary">
    Foo
  </a><i aria-hidden="true" class="fas fa-chevron-right document-search-breadcrumbs-separator"></i> <a class="tlp-badge-secondary">
    Bar
  </a></p>
`;

exports[`SearchCriteriaBreadcrumb should display a spinner while ascendant hierarchy is loading 1`] = `<p class="document-search-breadcrumbs"><span class="document-search-breadcrumbs-label" data-msgid="Searching in:" data-current-language="en_US">Searching in:</span> <i aria-hidden="true" class="fas fa-circle-notch fa-spin"></i></p>`;
