// Jest Snapshot v1, https://goo.gl/fbAQLP

exports[`TrackerFromJiraProject renders the component 1`] = `
<div>
  <!---->
   
  <div
    class="tlp-form-element"
  >
    <label
      class="tlp-label"
      data-current-language="en_US"
      data-msgid="Project"
      for="project"
    >
      Project
    </label>
     
    <select
      class="tlp-select"
      data-test="project-list"
      id="project"
      name="project"
    >
      <option
        data-current-language="en_US"
        data-msgid="Choose a project..."
        value=""
      >
        Choose a project...
      </option>
       
      <option
        data-test="project-TO"
        value="{\\"id\\":\\"TO\\",\\"label\\":\\"toto\\"}"
      >
        
                toto
            
      </option>
      <option
        data-test="project-TU"
        value="{\\"id\\":\\"TU\\",\\"label\\":\\"tutu\\"}"
      >
        
                tutu
            
      </option>
    </select>
  </div>
   
  <div
    class="tlp-form-element"
  >
    <label
      class="tlp-label"
      for="tracker_name"
    >
      <!---->
       
      <translate-stub
        tag="span"
      >
        Tracker
      </translate-stub>
    </label>
     
    <select
      class="tlp-select"
      data-test="tracker-name"
      id="tracker_name"
      name="tracker_name"
    >
      <option
        data-current-language="en_US"
        data-msgid="Choose a tracker..."
        selected="selected"
        value=""
      >
        Choose a tracker...
      </option>
       
    </select>
  </div>
</div>
`;
