// Jest Snapshot v1, https://goo.gl/fbAQLP

exports[`TrackerFromJiraServer renders the component 1`] = `
<div>
  <div
    class="tlp-form-element"
  >
    <label
      class="tlp-label"
      data-current-language="en_US"
      data-msgid="
            Your Jira server url
        "
      for="jira-url"
      name="jira-url"
    >
      
            Your Jira server url
        
    </label>
     
    <input
      class="tlp-input"
      id="jira-url"
      name="jira-url"
      pattern="https?://.+"
      placeholder="https://jira.example.com"
      type="url"
    />
  </div>
   
  <div
    class="tlp-form-element"
  >
    <label
      class="tlp-label"
      data-current-language="en_US"
      data-msgid="
            User email
        "
      for="jira-email"
      name="jira-email"
    >
      
            User email
        
    </label>
     
    <div
      class="tlp-form-element tlp-form-element-prepend"
    >
      <span
        class="tlp-prepend"
      >
        @
      </span>
       
      <input
        class="tlp-input"
        id="jira-email"
        name="jira-email"
        placeholder="Bob@example.com"
        type="text"
      />
    </div>
  </div>
   
  <div
    class="tlp-form-element"
  >
    <label
      class="tlp-label"
      data-current-language="en_US"
      data-msgid="
            API Token
        "
      for="jira-token"
      name="jira-token"
    >
      
            API Token
        
    </label>
     
    <div
      class="tlp-form-element tlp-form-element-prepend"
    >
      <span
        class="tlp-prepend"
      >
        <i
          class="fa fa-key"
        />
      </span>
       
      <input
        class="tlp-input"
        id="jira-token"
        name="jira-token"
        placeholder="ToKeNGLsLC1wY4j6qiuk61kFX"
        type="password"
      />
    </div>
  </div>
</div>
`;
