// Jest Snapshot v1, https://goo.gl/fbAQLP

exports[`App Displays two buttons to add Cc or file attachment 1`] = `
<div
  class="forumml-post-new-thread-cc-files"
>
  <p>
    <button
      class="tlp-button-small tlp-button-primary tlp-button-outline"
      data-test="add-cc"
      type="button"
    >
      <translate-stub
        tag="span"
      >
        Add Cc
      </translate-stub>
    </button>
     
    <button
      class="tlp-button-small tlp-button-primary tlp-button-outline"
      data-test="add-file"
      type="button"
    >
      <translate-stub
        tag="span"
      >
        Add attachment
      </translate-stub>
    </button>
  </p>
   
  <!---->
   
  <!---->
</div>
`;
