// Jest Snapshot v1, https://goo.gl/fbAQLP

exports[`CcInput Displays the input field to enter a cc 1`] = `
<div
  class="tlp-form-element tlp-form-element-append forumml-post-new-thread-cc-component"
>
  <input
    class="tlp-input"
    id="forumml-cc-123"
    name="ccs[]"
    placeholder="jdoe@example.com"
    required="required"
    type="email"
  />
   
  <button
    class="tlp-append tlp-button-primary tlp-button-outline"
    data-test="delete-cc"
    type="button"
  >
    <i
      aria-hidden="true"
      class="fas fa-trash"
    />
  </button>
</div>
`;
