// Jest Snapshot v1, https://goo.gl/fbAQLP

exports[`FileInput Displays the input field to enter a file 1`] = `
<div
  class="tlp-form-element tlp-form-element-append forumml-post-new-thread-file-component"
>
  <span
    class="tlp-button-secondary forumml-post-new-thread-file-button"
  >
    <i
      class="fa fa-upload tlp-button-icon"
    />
     
    <translate-stub
      tag="span"
    >
      Browse...
    </translate-stub>
     
    <input
      class="tlp-input forumml-post-new-thread-file-input"
      id="forumml-file-123"
      name="files[]"
      required="required"
      type="file"
    />
  </span>
   
  <button
    class="tlp-append tlp-button-primary tlp-button-outline"
    data-test="delete-file"
    type="button"
  >
    <i
      aria-hidden="true"
      class="fas fa-trash"
    />
  </button>
</div>
`;
