// Jest Snapshot v1, https://goo.gl/fbAQLP

exports[`ToBePlannedCard Displays the empty state for Backlog unplanned section 1`] = `
<div
  class="element-card element-card-lake_placid_blue"
>
  <div
    class="element-card-content"
  >
    <div
      class="element-card-xref-label"
    >
      <a
        class="element-card-xref element-card-xref-lake_placid_blue"
        href="/plugins/tracker/?aid=100"
      >
        
                bug #100
            
      </a>
       
      <span
        class="element-card-label"
      >
        My artifact
      </span>
    </div>
  </div>
</div>
`;
