// Jest Snapshot v1, https://goo.gl/fbAQLP

exports[`AddTestButton Displays the button if conditions are ok 1`] = `
<a
  class="tlp-button-primary tlp-button-small tlp-button-outline test-plan-add-test-button"
  data-current-language="en_US"
  data-msgid="
    Create a new test
"
  data-test="add-test-button"
  href="/plugins/tracker/?tracker=42&func=new-artifact&ttm_backlog_item_id=123&ttm_milestone_id=69"
>
  
    Create a new test

</a>
`;
