// Jest Snapshot v1, https://goo.gl/fbAQLP

exports[`ListOfRecentItems Displays an empty state 1`] = `
<div
  class="switch-to-recent-items"
>
  <h2
    class="tlp-modal-subtitle switch-to-modal-body-title"
    data-current-language="en_US"
    data-msgid="Recent items"
  >
    Recent items
  </h2>
   
  <recent-items-empty-state-stub />
</div>
`;
