// Jest Snapshot v1, https://goo.gl/fbAQLP

exports[`CampaignProgression Displays a campaign as a card 1`] = `
<div
  class="test-plan-campaign-progressions"
>
  <div
    aria-label="10 passed"
    class="test-plan-campaign-progression passed test-plan-campaign-progression-width-21"
  >
    <div
      class="test-plan-campaign-progression-bar"
    />
     
    <div
      class="test-plan-campaign-progression-value"
    >
      10
    </div>
  </div>
   
  <div
    aria-label="2 failed"
    class="test-plan-campaign-progression failed test-plan-campaign-progression-width-4"
  >
    <div
      class="test-plan-campaign-progression-bar"
    />
     
    <div
      class="test-plan-campaign-progression-value"
    >
      2
    </div>
  </div>
   
  <div
    aria-label="1 blocked"
    class="test-plan-campaign-progression blocked test-plan-campaign-progression-width-2"
  >
    <div
      class="test-plan-campaign-progression-bar"
    />
     
    <div
      class="test-plan-campaign-progression-value"
    >
      1
    </div>
  </div>
   
  <div
    aria-label="34 not run"
    class="test-plan-campaign-progression notrun test-plan-campaign-progression-width-72"
    data-test="progress-not-run"
  >
    <div
      class="test-plan-campaign-progression-bar"
    />
     
    <div
      class="test-plan-campaign-progression-value"
    >
      34
    </div>
  </div>
</div>
`;
