// Jest Snapshot v1, https://goo.gl/fbAQLP

exports[`UnderConstructionModal When the modal has not been opened before,
        it will open the modal as soon as the component is mounted 1`] = `
<div
  aria-labelledby="taskboard-under-construction-modal-title"
  class="tlp-modal tlp-modal-warning tlp-modal-display tlp-modal-shown"
  role="dialog"
>
  <div
    class="tlp-modal-header"
  >
    <h1
      class="tlp-modal-title"
      id="taskboard-under-construction-modal-title"
    >
      <i
        class="fa fa-warning tlp-modal-title-icon"
      />
       
      <translate-stub
        tag="span"
      >
        This feature is under construction
      </translate-stub>
    </h1>
     
    <div
      class="tlp-modal-close"
      data-dismiss="modal"
      role="button"
      title="Close"
    >
      
            ×
        
    </div>
  </div>
   
  <div
    class="tlp-modal-body"
  >
    <translate-stub
      tag="p"
    >
      Hello,
    </translate-stub>
     
    <p>
      Thanks for your interest in Tuleap next features. You're about to test a new feature that is under construction. All the buttons, links, menus, … might not work. This application 
      <strong>
        will not work on IE11
      </strong>
      .
    </p>
     
    <p>
      If you have any questions or if you want to leave feedback, drop an email to 
      <a
        href="mailto:feedback-taskboard@enalean.com"
      >
        feedback-taskboard@enalean.com
      </a>
       or join us on 
      <a
        href="https://chat.tuleap.org"
      >
        chat.tuleap.org
      </a>
      .
    </p>
  </div>
   
  <div
    class="tlp-modal-footer"
  >
    <button
      class="tlp-button-warning tlp-modal-action"
      data-dismiss="modal"
      type="button"
    >
      <i
        class="fa fa-thumbs-up tlp-button-icon"
      />
       
      <translate-stub
        tag="span"
      >
        I understand this is under construction
      </translate-stub>
    </button>
  </div>
</div>
`;
