// Jest Snapshot v1, https://goo.gl/fbAQLP

exports[`TaskBoardHeader displays a header with many columns 1`] = `
<div
  class="taskboard-head"
>
  <div
    class="taskboard-header taskboard-cell-swimlane-header"
  />
   
  <task-board-header-cell-stub
    column="[object Object]"
  />
  <task-board-header-cell-stub
    column="[object Object]"
  />
</div>
`;
