// Jest Snapshot v1, https://goo.gl/fbAQLP

exports[`TaskBoardHeader displays a header with many columns 1`] = `
<thead>
  <tr>
    <th
      class="taskboard-header"
    />
     
    <task-board-header-cell-stub
      column="[object Object]"
    />
    <task-board-header-cell-stub
      column="[object Object]"
    />
  </tr>
</thead>
`;
