// Jest Snapshot v1, https://goo.gl/fbAQLP

exports[`NoContentEmptyState displays a cell that span on the whole table 1`] = `
<section
  class="empty-state-page"
>
  <div
    class="empty-state-illustration"
  >
    <!---->
  </div>
   
  <h1
    class="empty-state-title"
    data-current-language="en_US"
    data-msgid="This taskboard is empty"
  >
    This taskboard is empty
  </h1>
</section>
`;
