// Jest Snapshot v1, https://goo.gl/fbAQLP

exports[`CriterionType should render the component 1`] = `
<div
  class="tlp-form-element document-search-criterion"
>
  <label
    class="tlp-label"
    data-current-language="en_US"
    data-msgid="Type"
    for="document-type-search"
  >
    Type
  </label>
   
  <select
    class="tlp-select"
    data-test="type"
    id="document-type-search"
  >
    <option
      data-current-language="en_US"
      data-msgid="Any"
      value=""
    >
      Any
    </option>
     
    <option
      data-current-language="en_US"
      data-msgid="
            Folder
        "
      data-test="type-folder"
      value="folder"
    >
      
            Folder
        
    </option>
     
    <option
      data-current-language="en_US"
      data-msgid="File"
      value="file"
    >
      File
    </option>
     
    <option
      data-current-language="en_US"
      data-msgid="Link"
      value="link"
    >
      Link
    </option>
     
    <option
      data-current-language="en_US"
      data-msgid="
            Embedded file
        "
      value="embedded"
    >
      
            Embedded file
        
    </option>
     
    <option
      data-test="type-wiki"
      value="wiki"
    >
      <translate-stub
        tag="span"
      >
        Wiki page
      </translate-stub>
    </option>
     
    <option
      data-current-language="en_US"
      data-msgid="
            Empty document
        "
      value="empty"
    >
      
            Empty document
        
    </option>
  </select>
</div>
`;
