// Jest Snapshot v1, https://goo.gl/fbAQLP

exports[`RoadmapEmptyStateSection Given user display widget, Then a good link to top planning of the project is rendered 1`] = `
<div
  class="project-release-timeframe"
>
  <span
    class="project-release-label"
  >
    Roadmap
  </span>
   
  <div
    class="empty-state-pane"
    data-test="project-milestone-empty-state"
  >
    <s-v-g-project-milestones-empty-state-stub />
     
    <span
      class="empty-state-text"
    >
      There is no item nor milestone in the my project backlog yet.
    </span>
     
    <a
      class="button-backlog-link empty-state-action"
      data-test="backlog-link"
      href="/plugins/agiledashboard/?action=show-top&group_id=102&pane=topplanning-v2"
    >
      <button
        class="tlp-button-primary"
        type="button"
      >
        
                Start Planning
                
        <i
          class="tlp-button-icon-right fas fa-long-arrow-alt-right"
          data-test="display-arrow"
        />
      </button>
    </a>
  </div>
</div>
`;
