// Vitest Snapshot v1, https://vitest.dev/guide/snapshot.html

exports[`LinkedProjects > displays the linked projects with a popover 1`] = `
<div
  data-v-app=""
>
  
  <div
    class="project-sidebar-linked-projects"
    id="project-sidebar-linked-projects"
  >
    <span
      class="project-sidebar-linked-projects-title"
    >
      <span
        class="project-sidebar-linked-projects-icon"
      >
        <i
          aria-hidden="true"
          class="fa-solid fa-fw fa-tlp-project-boxes"
        />
      </span>
      <span
        class="project-sidebar-linked-projects-label"
      >
        2 aggregated projects
      </span>
    </span>
    <!--v-if-->
  </div>
  <div
    class="tlp-popover project-sidebar-linked-projects-popover project-sidebar-linked-projects-popover-nb-max-exceeded"
    data-test="popover"
    id="project-sidebar-linked-projects-popover"
  >
    <div
      class="tlp-popover-arrow project-sidebar-linked-projects-popover-arrow"
    />
    <!--v-if-->
    <div
      class="tlp-popover-body project-sidebar-linked-projects-popover-content"
    >
      <ul
        class="project-sidebar-linked-projects-list-popover"
      >
        
        <li
          class="project-sidebar-linked-projects-item"
        >
          <a
            class="project-sidebar-linked-projects-item-link"
            href="https://myinstance.example.com/projects/teama"
          >
            <i
              aria-hidden="true"
              class="project-sidebar-linked-projects-item-icon fa-solid fa-box-archive"
            />
            <span
              class="project-sidebar-linked-projects-item-name"
            >
              Team A
            </span>
          </a>
        </li>
        <li
          class="project-sidebar-linked-projects-item"
        >
          <a
            class="project-sidebar-linked-projects-item-link"
            href="https://myinstance.example.com/projects/teamb"
          >
            <span
              aria-hidden="true"
              class="project-sidebar-linked-projects-item-icon"
            >
              🏡
            </span>
            <span
              class="project-sidebar-linked-projects-item-name"
            >
              Team B
            </span>
          </a>
        </li>
        <li
          class="project-sidebar-linked-projects-item"
        >
          <a
            class="project-sidebar-linked-projects-item-link"
            href="https://myinstance.example.com/projects/teama"
          >
            <i
              aria-hidden="true"
              class="project-sidebar-linked-projects-item-icon fa-solid fa-box-archive"
            />
            <span
              class="project-sidebar-linked-projects-item-name"
            >
              Team A
            </span>
          </a>
        </li>
        <li
          class="project-sidebar-linked-projects-item"
        >
          <a
            class="project-sidebar-linked-projects-item-link"
            href="https://myinstance.example.com/projects/teamb"
          >
            <span
              aria-hidden="true"
              class="project-sidebar-linked-projects-item-icon"
            >
              🏡
            </span>
            <span
              class="project-sidebar-linked-projects-item-name"
            >
              Team B
            </span>
          </a>
        </li>
        <li
          class="project-sidebar-linked-projects-item"
        >
          <a
            class="project-sidebar-linked-projects-item-link"
            href="https://myinstance.example.com/projects/teama"
          >
            <i
              aria-hidden="true"
              class="project-sidebar-linked-projects-item-icon fa-solid fa-box-archive"
            />
            <span
              class="project-sidebar-linked-projects-item-name"
            >
              Team A
            </span>
          </a>
        </li>
        <li
          class="project-sidebar-linked-projects-item"
        >
          <a
            class="project-sidebar-linked-projects-item-link"
            href="https://myinstance.example.com/projects/teamb"
          >
            <span
              aria-hidden="true"
              class="project-sidebar-linked-projects-item-icon"
            >
              🏡
            </span>
            <span
              class="project-sidebar-linked-projects-item-name"
            >
              Team B
            </span>
          </a>
        </li>
        <li
          class="project-sidebar-linked-projects-item"
        >
          <a
            class="project-sidebar-linked-projects-item-link"
            href="https://myinstance.example.com/projects/teama"
          >
            <i
              aria-hidden="true"
              class="project-sidebar-linked-projects-item-icon fa-solid fa-box-archive"
            />
            <span
              class="project-sidebar-linked-projects-item-name"
            >
              Team A
            </span>
          </a>
        </li>
        <li
          class="project-sidebar-linked-projects-item"
        >
          <a
            class="project-sidebar-linked-projects-item-link"
            href="https://myinstance.example.com/projects/teamb"
          >
            <span
              aria-hidden="true"
              class="project-sidebar-linked-projects-item-icon"
            >
              🏡
            </span>
            <span
              class="project-sidebar-linked-projects-item-name"
            >
              Team B
            </span>
          </a>
        </li>
        
      </ul>
    </div>
  </div>
  
</div>
`;
