// Jest Snapshot v1, https://goo.gl/fbAQLP

exports[`TrackerListWritingMode renders a list of trackers 1`] = `
<div
  class="cross-tracker-form-trackers-selected"
>
  
  <span
    class="tlp-badge-primary tlp-badge-outline"
  >
    <button
      class="tlp-badge-remove-button"
      data-test="remove-tracker"
      type="button"
    >
       × 
    </button>
     fake_tracker 
    <i
      aria-hidden="true"
      class="fa-solid fa-archive cross-tracker-report-archive-icon"
    />
     
  </span>
  <span
    class="tlp-badge-primary tlp-badge-outline"
  >
    <button
      class="tlp-badge-remove-button"
      data-test="remove-tracker"
      type="button"
    >
       × 
    </button>
     bugs 
    <i
      aria-hidden="true"
      class="fa-solid fa-archive cross-tracker-report-archive-icon"
    />
     
  </span>
  
</div>
`;
