// Jest Snapshot v1, https://goo.gl/fbAQLP

exports[`ExpirationDateBannerInput can be mounted 1`] = `
<div class="tlp-form-element"><label for="expiration-date-picker-banner" class="tlp-label" data-msgid="
        Expiration date
    " data-current-language="en_US">
    Expiration date
  </label>
  <div class="tlp-form-element tlp-form-element-prepend"><span class="tlp-prepend"><i aria-hidden="true" class="fas fa-calendar-alt"></i></span> <input type="text" id="expiration-date-picker-banner" data-enabletime="true" size="19" class="tlp-input tlp-input-date flatpickr-input" placeholder="yyyy-mm-dd HH:mm" readonly="readonly"></div>
</div>
`;
