// Jest Snapshot v1, https://goo.gl/fbAQLP

exports[`RoadmapSection Given user display widget, Then a good link to top planning of the project is rendered 1`] = `
<div
  class="project-release-timeframe"
>
  <span
    class="project-release-label"
  >
    Roadmap
  </span>
   
  <div
    class="project-other-releases"
  >
    <div
      class="project-release-time-stripe-icon"
    >
      <i
        class="fa fa-angle-double-up"
      />
    </div>
     
    <a
      class="releases-link"
      data-test="backlog-link"
      href="/plugins/agiledashboard/?action=show-top&group_id=102&pane=topplanning-v2"
    >
      
            2 items in the backlog.
            1 upcoming sprint.
        
    </a>
  </div>
</div>
`;
