// Vitest Snapshot v1, https://vitest.dev/guide/snapshot.html

exports[`DropDownContentRenderer > rendering > renders grouped list items 1`] = `
<span class="lazybox-single-dropdown-search-section"><input data-test="lazybox-search-field" class="lazybox-search-field" type="search" tabindex="0" autocomplete="off" autocorrect="off" autocapitalize="none" spellcheck="none" role="searchbox" aria-autocomplete="list" aria-controls="lazybox-dropdown-values-list" placeholder=""></span>
<ul class="lazybox-dropdown-values-list" role="listbox" aria-expanded="false" aria-hidden="false">
  <li class="lazybox-item-group">
    <strong class="lazybox-group-label">Group 1</strong>
    <ul role="group" class="lazybox-dropdown-option-group" aria-label="Group 1">
      <li role="option" aria-selected="false" data-test="lazybox-item" data-item-id="lazybox-item-group1-value-0" class="lazybox-dropdown-option-value">
        Value 0
      </li>
      <li role="option" aria-selected="false" data-test="lazybox-item" data-item-id="lazybox-item-group1-value-1" class="lazybox-dropdown-option-value">
        Value 1
      </li>
      <li role="option" aria-selected="false" data-test="lazybox-item" data-item-id="lazybox-item-group1-value-2" class="lazybox-dropdown-option-value">
        Value 2
      </li>
    </ul>

  </li>

  <li class="lazybox-item-group">
    <strong class="lazybox-group-label">Group 2</strong>
    <ul role="group" class="lazybox-dropdown-option-group" aria-label="Group 2">
      <li role="option" aria-selected="false" data-test="lazybox-item" data-item-id="lazybox-item-group2-value-3" class="lazybox-dropdown-option-value">
        Value 3
      </li>
      <li role="option" aria-selected="false" data-test="lazybox-item" data-item-id="lazybox-item-group2-value-4" class="lazybox-dropdown-option-value">
        Value 4
      </li>
      <li role="option" aria-selected="false" data-test="lazybox-item" data-item-id="lazybox-item-group2-value-5" class="lazybox-dropdown-option-value-disabled">
        Value 5
      </li>
    </ul>

  </li>
</ul>
`;
