AIWiki http://www.ifi.unizh.ch/ailab/aiwiki/aiw.cgi?
ALife http://news.alife.org/wiki/index.php?
AbbeNormal http://www.ourpla.net/cgi-bin/pikie.cgi?
AcadWiki http://xarch.tu-graz.ac.at/autocad/wiki/
Acronym http://www.acronymfinder.com/af-query.asp?String=exact&Acronym=
Advogato http://www.advogato.org/
Annotation http://bayle.stanford.edu/crit/nph-med.cgi/
AnnotationWiki http://www.seedwiki.com/page.cfm?wikiid=368&doc=
AviSynth http://www.avisynth.org/
AwarenessWiki http://taoriver.net/aware/
BcWireless http://www.bcwireless.net/wiki-moinmoin/moin.cgi/
BenefitsWiki http://www.benefitslink.com/cgi-bin/wiki.cgi?
BridgesWiki http://c2.com/w2/bridges/
bsdWiki http://profile.sh/syswiki/index.php?
C2find http://c2.com/cgi/wiki?FindPage&value=
CLiki http://ww.telent.net/cliki/
Cache http://www.google.com/search?q=cache:
Category Category
CmWiki http://www.ourpla.net/cgi-bin/wiki.pl?
CreationMatters http://www.ourpla.net/cgi-bin/wiki.pl?
CPAN http://search.cpan.org/
DeWikiPedia http://de.wikipedia.org/wiki/
DejaNews http://www.deja.com/=dnc/getdoc.xp?AN=
Dict http://www.dict.org/bin/Dict?Database=*&Form=Dict1&Strategy=*&Query=
Dictionary http://www.dict.org/bin/Dict?Database=*&Form=Dict1&Strategy=*&Query=
DiveIntoOsx http://diveintoosx.org/
DocBook http://docbook.org/wiki/moin.cgi/
DolphinWiki http://www.object-arts.com/wiki/html/Dolphin/
DseWiki http://www.wikiservice.at/dse/wiki.cgi?
EfnetCeeWiki http://purl.net/wiki/c/
EfnetCppWiki http://purl.net/wiki/cpp/
EfnetPythonWiki http://purl.net/wiki/python/
EfnetXmlWiki http://purl.net/wiki/xml/
EljWiki http://elj.sourceforge.net/phpwiki/index.php/
EmacsWiki http://www.emacswiki.org/cgi-bin/wiki.pl?
EoWikiPedia http://eo.wikipedia.org/wiki/
FinalEmpire http://final-empire.sourceforge.net/cgi-bin/wiki.pl?
Foldoc http://www.foldoc.org/foldoc/foldoc.cgi?
FoxWiki http://fox.wikis.com/wc.dll?Wiki~
FrWikiPedia http://fr.wikipedia.org/wiki/
FreeBSDman http://www.FreeBSD.org/cgi/man.cgi?apropos=1&query=
FreeNetworks http://www.freenetworks.org/index.cgi/
FreshMeat http://freshmeat.net/
Froogle http://froogle.google.com/froogle?q=
Google http://www.google.com/search?q=
GoogleGroups http://groups.google.com/groups?q=
GreenCheese http://www.greencheese.org/
HammondWiki http://www.dairiki.org/HammondWiki/index.php3?
Haribeau http://wiki.haribeau.de/cgi-bin/wiki.pl?
IAWiki http://www.IAwiki.net/
IMDB http://us.imdb.com/Title?
ISBN http://www.amazon.com/exec/obidos/ISBN=
IfDef http://ifdef.undef.net/
JTF http://www.justthefaqs.org/?page=
JargonFile http://sunir.org/apps/meta.pl?wiki=JargonFile&redirect=
JiniWiki http://www.cdegroot.com/cgi-bin/jini?
JspWiki http://www.ecyrd.com/JSPWiki/Wiki.jsp?page=
KmWiki http://www.voght.com/cgi-bin/pywiki?
KnowHow http://www2.iro.umontreal.ca/~paquetse/cgi-bin/wiki.cgi?
LanifexWiki http://opt.lanifex.com/cgi-bin/wiki.pl?
LegoWiki http://www.object-arts.com/wiki/html/Lego-Robotics/
LinuxWiki http://www.linuxwiki.de/
LugKR http://lug-kr.sourceforge.net/cgi-bin/lugwiki.pl?
MACCAWS http://www.maccaws.com/wiki/
MathSongsWiki http://SeedWiki.com/page.cfm?wikiid=237&doc=
MbTest http://www.usemod.com/cgi-bin/mbtest.pl?
MeatBall http://www.usemod.com/cgi-bin/mb.pl?
MetaWiki http://sunir.org/apps/meta.pl?
MetaWikiPedia http://meta.wikipedia.com/wiki/
MoinMoin http://moinmoin.wikiwikiweb.de/
MoinMaster http://moinmaster.wikiwikiweb.de/
MuWeb http://www.dunstable.com/scripts/MuWebWeb?
NetVillage http://www.netbros.com/?
OpenWiki http://openwiki.com/?
OrgPatterns http://www.bell-labs.com/cgi-user/OrgPatterns/OrgPatterns?
PPR http://c2.com/cgi/wiki?
PangalacticOrg http://www.pangalactic.org/Wiki/
PersonalTelco http://www.personaltelco.net/index.cgi/
php-function http://www.php.net/%s
php-lookup http://www.php.net/manual-lookup.php?pattern=
PhpWiki http://phpwiki.sourceforge.net/phpwiki/
PhpWikiCvs http://cvs.sourceforge.net/cgi-bin/viewcvs.cgi/phpwiki/phpwiki/
PhpWikiDemo http://phpwiki.sourceforge.net/demo/
PhpWikiTest http://phpwiki.sourceforge.net/test/
Pikie http://pikie.darktech.org/cgi/pikie?
PlWikiPedia http://pl.wikipedia.org/wiki/
PolitizenWiki http://www.politizen.com/wiki.asp?
PoundPython http://twistedmatrix.com/wiki/python/
PurlNet http://www.palowireless.com/zigbee/
PyWiki http://www.voght.com/cgi-bin/pywiki?
PythonInfo http://www.python.org/cgi-bin/moinmoin/
PythonWiki http://www.pythonwiki.de/
RFC http://www.faqs.org/rfcs/rfc%s.html
RussellFreedom http://www.russellfreedom.com/
SVGWiki http://www.protocol7.com/svg-wiki/default.asp?
SeaPig http://www.seapig.org/ 
SeattleWireless http://seattlewireless.net/?
SenseisLibrary http://senseis.xmp.net/?
Shakti http://cgi.algonet.se/htbin/cgiwrap/pgd/ShaktiWiki/
SourceForge http://sourceforge.net/
Squeak http://minnow.cc.gatech.edu/squeak/
StrikiWiki http://ch.twi.tudelft.nl/~mostert/striki/teststriki.pl?
TMwiki http://www.EasyTopicMaps.com/?page=
TWiki http://twiki.org/cgi-bin/view/
Tavi http://tavi.sourceforge.net/index.php?
Thesaurus http://www.thesaurus.com/cgi-bin/search?config=roget&words=
Thinki http://www.thinkware.se/cgi-bin/thinki.cgi/
TmNet http://www.technomanifestos.net/?
Unreal http://wiki.beyondunreal.com/wiki/
UseMod http://www.usemod.com/cgi-bin/wiki.pl?
VisualWorks http://wiki.cs.uiuc.edu/VisualWorks/
WakkaWiki http://www.wakkawiki.com/
WebDevWikiNL http://www.promo-it.nl/WebDevWiki/index.php?page=
WebSeitzWiki http://webseitz.fluxent.com/wiki/
Why http://clublet.com/c/c/why?
Wiktionary http://wiktionary.org/wiki/
Wiki http://c2.com/cgi/wiki?
WikiLens http://www.wikilens.org/wiki.php/
WikiWikiWireless http://www.andaluciawireless.net/
Wikibooks http://wikibooks.org/wiki/
WikiPedia http://www.wikipedia.com/wiki/
Wikiquote http://wikiquote.org/wiki/
Wikisource http://wikisource.org/wiki/
WikiWorld http://WikiWorld.com/wiki/index.php/
WikkiTikkiTavi http://tavi.sourceforge.net/
WLUG http://www.wlug.org.nz/
YpsiEyeball http://sknkwrks.dyndns.org:1957/writewiki/wiki.pl?
ZWiki http://www.zwiki.org/
OsFaq2 http://www.mega-tokyo.com/osfaq2/index.php/
