// Jest Snapshot v1, https://goo.gl/fbAQLP

exports[`CollapsedSwimlane displays a toggle icon and a card with minimal information 1`] = `
<div
  class="taskboard-swimlane taskboard-swimlane-collapsed"
  data-navigation="swimlane"
  tabindex="0"
>
  <div
    class="taskboard-cell taskboard-cell-swimlane-header"
    data-navigation="cell"
    data-test="taskboard-cell-swimlane-header"
  >
    
    <button
      class="taskboard-swimlane-toggle tlp-swatch-fiesta-red"
      data-test="swimlane-toggle"
      title="Expand"
      type="button"
    >
      <i
        aria-hidden="true"
        class="fa fa-plus-square"
      />
    </button>
    
    
    <div
      class="taskboard-card taskboard-card-collapsed taskboard-card-fiesta-red"
      data-navigation="card"
      data-shortcut="parent-card"
      tabindex="0"
    >
      <div
        class="taskboard-card-content"
      >
        <div
          class="taskboard-card-xref-label taskboard-card-xref-label-collapsed"
        >
          <a
            class="taskboard-card-xref tlp-swatch-fiesta-red"
            data-not-drag-handle="true"
            data-test="xref"
          />
          <span
            class="taskboard-card-label"
          >
            taskboard-swimlane
          </span>
        </div>
      </div>
    </div>
    
  </div>
</div>
`;
