// Jest Snapshot v1, https://goo.gl/fbAQLP

exports[`CollapsedSwimlane displays a toggle icon and a card with minimal information 1`] = `
<div
  class="taskboard-swimlane taskboard-swimlane-collapsed"
>
  <swimlane-header-stub
    swimlane="[object Object]"
  >
    <i
      class="fa fa-plus-square taskboard-swimlane-toggle tlp-swatch-fiesta-red"
      role="button"
      title="Expand"
    />
     
    <div
      class="taskboard-card taskboard-card-collapsed taskboard-card-fiesta-red"
    >
      <div
        class="taskboard-card-content"
      >
        <card-xref-label-stub
          card="[object Object]"
          class="taskboard-card-xref-label-collapsed"
        />
      </div>
    </div>
  </swimlane-header-stub>
</div>
`;
