// Jest Snapshot v1, https://goo.gl/fbAQLP

exports[`SoloSwimlane displays the parent card in Done column when status maps this column 1`] = `
<div
  class="taskboard-swimlane"
>
  <swimlane-header-stub
    swimlane="[object Object]"
  />
   
  <cell-for-solo-card-stub
    column="[object Object]"
    data-accepted-trackers-ids="101,102"
    data-column-id="2"
    data-swimlane-id="43"
    swimlane="[object Object]"
  >
    <!---->
  </cell-for-solo-card-stub>
  <cell-for-solo-card-stub
    column="[object Object]"
    data-accepted-trackers-ids="101,102"
    data-column-id="3"
    data-swimlane-id="43"
    swimlane="[object Object]"
  >
    <card-with-remaining-effort-stub
      card="[object Object]"
      class="taskboard-cell-solo-card taskboard-draggable-item"
      data-card-id="43"
    />
  </cell-for-solo-card-stub>
</div>
`;
