// Jest Snapshot v1, https://goo.gl/fbAQLP

exports[`SoloSwimlane displays the parent card in Done column when status maps this column 1`] = `
<div
  class="taskboard-swimlane"
>
  <swimlane-header-stub
    swimlane="[object Object]"
  />
   
  <drop-container-cell-stub
    column="[object Object]"
    swimlane="[object Object]"
  >
    <!---->
     
    <!---->
  </drop-container-cell-stub>
  <drop-container-cell-stub
    column="[object Object]"
    swimlane="[object Object]"
  >
    <card-with-remaining-effort-stub
      card="[object Object]"
      class="taskboard-cell-solo-card taskboard-draggable-item"
      data-card-id="43"
      data-is-draggable="true"
    />
     
    <!---->
  </drop-container-cell-stub>
</div>
`;
