// Jest Snapshot v1, https://goo.gl/fbAQLP

exports[`SoloSwimlane displays the parent card in Done column when status maps this column 1`] = `
<div
  class="taskboard-swimlane"
>
  <swimlane-header-stub
    swimlane="[object Object]"
  />
   
  <cell-for-solo-card-stub
    column="[object Object]"
  >
    <!---->
  </cell-for-solo-card-stub>
  <cell-for-solo-card-stub
    column="[object Object]"
  >
    <card-with-remaining-effort-stub
      card="[object Object]"
      class="taskboard-cell-solo-card"
    />
  </cell-for-solo-card-stub>
</div>
`;
