// Jest Snapshot v1, https://goo.gl/fbAQLP

exports[`CellLocation should display path via the router link and the folder separators 1`] = `
<td>
  
  
  <router-link-stub
    ariacurrentvalue="page"
    custom="true"
    replace="false"
    to="[object Object]"
  />
  <span>
     / 
    <!---->
  </span>
  
  
  <router-link-stub
    ariacurrentvalue="page"
    custom="true"
    replace="false"
    to="[object Object]"
  />
  <span>
     / 
    <!---->
  </span>
  
  
  <router-link-stub
    ariacurrentvalue="page"
    custom="true"
    replace="false"
    to="[object Object]"
  />
  <!--v-if-->
  
  
</td>
`;
