// Jest Snapshot v1, https://goo.gl/fbAQLP

exports[`CardWithChildren when the swimlane is loading children cards,
        it displays the parent card in its own cell with columns skeletons 1`] = `
<div
  class="taskboard-swimlane"
>
  <parent-cell-stub
    swimlane="[object Object]"
  />
   
  <column-with-children-stub
    column="[object Object]"
    column_index="0"
    swimlane="[object Object]"
  />
  <column-with-children-stub
    column="[object Object]"
    column_index="1"
    swimlane="[object Object]"
  />
</div>
`;
