// Jest Snapshot v1, https://goo.gl/fbAQLP

exports[`TableBodyResultRow should display an item as a table row 1`] = `
<tr>
  <td class="tlp-table-cell-numeric">
    123
  </td>
  <td class="document-search-result-icon"><i aria-hidden="true" class="fa fa-fw fa-folder-open-o document-folder-icon"></i></td>
  <td>
    <router-link-stub to="[object Object]" tag="a" ariacurrentvalue="page" event="click" data-test="router-link" class="document-folder-subitem-link">
      Lorem
    </router-link-stub>
  </td>
  <td>
    <div class="document-search-result-html-content">ipsum doloret</div>
  </td>
  <td>
    <user-badge-stub user="[object Object]"></user-badge-stub>
  </td>
  <td>
    <tlp-relative-date-stub date="2021-10-06" absolute-date="2021-10-06 00:00" placement="top" preference="relative" locale="en_US">
      2021-10-06 00:00
    </tlp-relative-date-stub>
  </td>
  <td data-test="location">Path/To/Folder</td>
</tr>
`;
