// Jest Snapshot v1, https://goo.gl/fbAQLP

exports[`ReleaseDescription Given user display widget, Then a good link to top planning of the release is rendered 1`] = `
<div
  class="release-content-description"
>
  <release-description-badges-tracker-stub
    release_data="[object Object]"
  />
   
  <div
    class="release-description-row"
  >
    <!---->
     
    <a
      data-test="overview-link"
      href="/plugins/agiledashboard/?group_id=102&planning_id=100&action=show&aid=2&pane=details"
    >
      <i
        class="release-description-link-icon fa fa-long-arrow-right"
      />
       
      <translate-stub
        tag="span"
        translateparams="[object Object]"
      >
         Go to %{label_tracker} overview 
      </translate-stub>
    </a>
  </div>
   
  <div
    class="release-chart-burndown-row"
  >
    <h2
      class="tlp-pane-subtitle"
      data-current-language="en_US"
      data-msgid="Burndown"
    >
      Burndown
    </h2>
     
    <burndown-chart-stub
      release_data="[object Object]"
    />
  </div>
</div>
`;
