// Jest Snapshot v1, https://goo.gl/fbAQLP

exports[`BoardWithoutAnyColumnsError is displays misconfiguration error for regular user 1`] = `
<section
  class="empty-state-page"
>
  <div
    class="empty-state-illustration"
  >
    <board-without-any-columns-error-for-users-illustration-stub />
  </div>
  <h1
    class="empty-state-title"
  >
    This taskboard is not ready to be used
  </h1>
  <p
    class="empty-state-text"
  >
    Your project administrator needs to finish the planning configuration.
  </p>
</section>
`;
