// Jest Snapshot v1, https://goo.gl/fbAQLP

exports[`ErrorModal warns user that something is wrong with a button to show details 1`] = `
<div
  aria-labelledby="taskboard-error-modal-title"
  class="tlp-modal tlp-modal-danger tlp-modal-shown"
  role="dialog"
>
  <div
    class="tlp-modal-header"
  >
    <h1
      class="tlp-modal-title"
      id="taskboard-error-modal-title"
    >
      Oops, there's an issue
    </h1>
    <button
      aria-label="Close"
      class="tlp-modal-close"
      data-dismiss="modal"
      type="button"
    >
      <i
        aria-hidden="true"
        class="fas fa-times tlp-modal-close-icon"
      />
    </button>
  </div>
  <div
    class="tlp-modal-body"
  >
    <p>
      It seems an action you tried to perform can't be done
    </p>
    
    <a
      class="taskboard-error-modal-link"
      data-test="show-details"
    >
      Show error details
    </a>
    <!--v-if-->
    
  </div>
  <div
    class="tlp-modal-footer"
  >
    <button
      class="tlp-button-danger tlp-button-outline tlp-modal-action"
      data-dismiss="modal"
      type="button"
    >
      Close
    </button>
    <button
      class="tlp-button-danger tlp-modal-action"
      type="button"
    >
      <i
        aria-hidden="true"
        class="fas fa-sync tlp-button-icon"
      />
       Reload the page
    </button>
  </div>
</div>
`;
